---
source: libtlafmt/src/lib.rs
expression: output
---
-------------------------------- MODULE Bananas --------------------------------
X ==
    /\ x = 4
    /\ y = 2
================================================================================
