---
source: libtlafmt/src/ast_format/node.rs
expression: output
---
-------------------------------- MODULE Bananas --------------------------------
X(a, b) == a = 42 /\ b = 13
================================================================================
