---
source: libtlafmt/src/ast_format/node.rs
expression: output
---
-------------------------------- MODULE Bananas --------------------------------
(* Y this *) DoStuff(b, a, n, A, N, a, S) == 42
================================================================================
