---
source: libtlafmt/src/ast_format/node.rs
expression: output
---
-------------------------------- MODULE Bananas --------------------------------
X ==
    /\ x = 4
    /\ y = 2
================================================================================
