---
source: libtlafmt/src/ast_format/module.rs
expression: output
---
------------------------- MODULE DifferentialEquations -------------------------
================================================================================
