---
source: libtlafmt/src/ast_format/node.rs
expression: output
---
-------------------------------- MODULE Bananas --------------------------------
X == 42
================================================================================
