---
source: libtlafmt/src/ast_format/node.rs
expression: output
---
-------------------------------- MODULE Bananas --------------------------------
NoVal ==
    CHOOSE v:

        v \notin
        Val

\* Bananas are good
Store ==
    [Key ->
            Val \union {NoVal}]
================================================================================
