---
source: libtlafmt/src/ast_format/node.rs
expression: output
---
-------------------------------- MODULE Bananas --------------------------------
Init == {x[banana]: banana \in Box}
================================================================================
