---
source: libtlafmt/tests/format.rs
expression: output
input_file: libtlafmt/tests/corpus/MC_HDiskSynod.tla
---
----------------------------- MODULE MC_HDiskSynod -----------------------------
EXTENDS HDiskSynod, TLC
CONSTANT BallotCountPerProcess
BallotImpl(p) ==
    LET start == p * BallotCountPerProcess IN
        start..(start + BallotCountPerProcess - 1)
IsMajorityImpl(s) == Cardinality(s) * 2 > N
================================================================================
