---
source: libtlafmt/src/renderer/indent.rs
expression: output
---
-------------------------------- MODULE Bananas --------------------------------
AppendEntries(i, j) ==
    /\ LET prevLogIndex == nextIndex[i][j] - 1
            prevLogTerm == IF prevLogIndex > 0 THEN
            log[i][prevLogIndex].term
            ELSE
            0
        \* Send up to 1 entry, constrained by the end of the log.
            lastEntry == Min({Len(log[i]), nextIndex[i][j]})
            entries == SubSeq(log[i], nextIndex[i][j], lastEntry)
        IN Send([mtype |-> AppendEntriesRequest,
        mterm |-> currentTerm[i],
        mprevLogIndex |-> prevLogIndex,
        mdest |-> j])
================================================================================
