---
source: libtlafmt/src/renderer/comment.rs
expression: output
---
-------------------------------- MODULE bananas --------------------------------
SetToSeqs == UNION {{x \in [1 -> set]:
    \* A filter applied on each permutation
    \* generated by [S -> T]
        Op(x)}}
================================================================================
